// Jest Snapshot v1, https://goo.gl/fbAQLP

exports[`Testa reducer cartReducer retornando estado correto após adicionar um jogo 1`] = `
Object {
  "shoppingCart": Array [
    Object {
      "data": Object {
        "id": 201,
        "image": "call-of-duty-infinite-warfare.png",
        "name": "Call Of Duty Infinite Warfare",
        "price": 49.99,
        "score": 80,
      },
      "qtd": 1,
    },
  ],
}
`;

exports[`Testa reducer cartReducer retornando o estado inicial 1`] = `
Object {
  "shoppingCart": Array [],
}
`;
