// Jest Snapshot v1, https://goo.gl/fbAQLP

exports[`Testa reducer cartReducer retornando estado correto após adicionar um jogo 1`] = `
Object {
  "freeShipping": true,
  "quantity": 10,
  "shipping": 100,
  "shoppingCart": Array [
    Object {
      "data": Object {
        "id": 201,
        "image": "call-of-duty-infinite-warfare.png",
        "name": "Call Of Duty Infinite Warfare",
        "price": 49.99,
        "score": 80,
      },
      "quantity": 10,
    },
  ],
  "subtotal": 499.90000000000003,
  "total": 499.90000000000003,
}
`;

exports[`Testa reducer cartReducer retornando estado correto após remover um jogo 1`] = `
Object {
  "freeShipping": false,
  "quantity": 0,
  "shipping": 0,
  "shoppingCart": Array [],
  "subtotal": 0,
  "total": 0,
}
`;

exports[`Testa reducer cartReducer retornando o estado inicial 1`] = `
Object {
  "freeShipping": false,
  "quantity": 0,
  "shipping": 0,
  "shoppingCart": Array [],
  "subtotal": 0,
  "total": 0,
}
`;
